'(8 7 2 3 1 4)
'(left right wrong)
'(green eggs and ham)
'(much how would woodchuck a if could chuck wood)
