'(to be)
'(or not to be)
'(to be)
'(be to)
'()
'(to be)
'(be to or not that the question)
'(to be)
